// Jest Snapshot v1, https://goo.gl/fbAQLP

exports[`Header default output Should output with all attributes defined 1`] = `
<div
  className="Header"
>
  <div
    className="Header-inner"
  >
    <div
      className="Header-logo"
    >
      <Link
        replace={false}
        to="/"
      >
        <img
          alt="Logo"
          className="Header-logo-img"
          src={Object {}}
        />
      </Link>
    </div>
    <div
      className="Header-nav"
    >
      <ul
        className="Header-nav-list"
      >
        <li
          className="Header-nav-item"
          key="0"
        >
          <Link
            className="Header-nav-link"
            replace={false}
            to={
              Object {
                "pathname": "/about/bar",
              }
            }
          >
            to about params
          </Link>
        </li>
        <li
          className="Header-nav-item"
          key="1"
        >
          <Link
            className="Header-nav-link"
            replace={false}
            to={
              Object {
                "pathname": "/about",
                "search": "?foo=bar",
              }
            }
          >
            to about query
          </Link>
        </li>
      </ul>
    </div>
  </div>
</div>
`;
